// Jest Snapshot v1, https://goo.gl/fbAQLP

exports[`Pruebas en el <CounterApp/> debe de hacer match con el snapshot 1`] = `
<div>
  <div
    class="center container"
  >
    <h1
      class="color"
    >
      CounterApp
    </h1>
    <h2>
       
      20
       
    </h2>
    <div>
      <button>
        +1
      </button>
      <button>
        -1
      </button>
      <button
        aria-label="btn-reset"
      >
        Reset
      </button>
    </div>
  </div>
</div>
`;
